I'm sorry, but errors were detected in your script. Please correct the
errors listed below, and try again.


File "game/screens.rpy", line 396: expected a keyword argument, colon, or end of line.
    imagebutton "gui/Back.png" action SetValue("page",page-1)
                ^

Ren'Py Version: Ren'Py 7.4.11.2266
Wed Dec 22 23:26:20 2021
